
[2026-08-21T23:19:15+00:00] START ["C:\\Users\\lottj\\AppData\\Local\\Programs\\Python\\Python313\\python.exe", "-m", "known_visit_sim.run_trials", "--scenario-file", "objective_tuning_target_load_pilot_25/scenarios/known_visit_g19_t20_n25.csv", "--algorithm", "known_visit_sim.algorithms.DMCHBA:DMCHBAAllocator", "--algorithm-name", "DMCHBA", "--grid-size", "19", "--num-robots", "4", "--robot-start-layout", "edge_even", "--condition-id", "targets_20_dmchba_h2_bernoulli_025", "--seed", "0", "--out-dir", "objective_tuning_target_load_pilot_25/results/raw/targets_20/h2/bernoulli/targets_20_dmchba_h2_bernoulli_025", "--max-trials", "25", "--commitment-horizon", "2", "--comm-model", "bernoulli", "--debug-max-events", "5000", "--comm-level", "0.25"]
completed trial 0: targets=20/20 steps=104
[2026-08-21T23:19:15+00:00] EXIT 1

[2026-08-21T23:20:38+00:00] START ["C:\\Users\\lottj\\AppData\\Local\\Programs\\Python\\Python313\\python.exe", "-m", "known_visit_sim.run_trials", "--scenario-file", "objective_tuning_target_load_pilot_25/scenarios/known_visit_g19_t20_n25.csv", "--algorithm", "known_visit_sim.algorithms.DMCHBA:DMCHBAAllocator", "--algorithm-name", "DMCHBA", "--grid-size", "19", "--num-robots", "4", "--robot-start-layout", "edge_even", "--condition-id", "targets_20_dmchba_h2_bernoulli_025", "--seed", "0", "--out-dir", "objective_tuning_target_load_pilot_25/results/raw/targets_20/h2/bernoulli/targets_20_dmchba_h2_bernoulli_025", "--max-trials", "25", "--commitment-horizon", "2", "--comm-model", "bernoulli", "--debug-max-events", "5000", "--comm-level", "0.25"]
resuming objective_tuning_target_load_pilot_25/results/raw/targets_20/h2/bernoulli/targets_20_dmchba_h2_bernoulli_025: 1/25 trials already recorded
skipping recorded trial 0
completed trial 1: targets=20/20 steps=96
completed trial 2: targets=20/20 steps=105
completed trial 3: targets=20/20 steps=109
completed trial 4: targets=20/20 steps=155
completed trial 5: targets=20/20 steps=97
completed trial 6: targets=20/20 steps=115
completed trial 7: targets=20/20 steps=127
completed trial 8: targets=20/20 steps=101
completed trial 9: targets=20/20 steps=115
completed trial 10: targets=20/20 steps=95
completed trial 11: targets=20/20 steps=133
completed trial 12: targets=20/20 steps=194
completed trial 13: targets=20/20 steps=123
completed trial 14: targets=20/20 steps=181
completed trial 15: targets=20/20 steps=130
completed trial 16: targets=20/20 steps=101
completed trial 17: targets=20/20 steps=137
completed trial 18: targets=20/20 steps=123
completed trial 19: targets=20/20 steps=103
completed trial 20: targets=20/20 steps=150
completed trial 21: targets=20/20 steps=165
completed trial 22: targets=20/20 steps=126
completed trial 23: targets=20/20 steps=118
completed trial 24: targets=20/20 steps=122
outputs written to objective_tuning_target_load_pilot_25/results/raw/targets_20/h2/bernoulli/targets_20_dmchba_h2_bernoulli_025
[2026-08-21T23:20:41+00:00] EXIT 0
